[INFO] Scanning for projects...
[INFO] 
[INFO] ---------------< org.swp391-group4-backend:ecosolution >----------------
[INFO] Building ecosolution 0.0.1-SNAPSHOT
[INFO]   from pom.xml
[INFO] --------------------------------[ jar ]---------------------------------
[INFO] 
[INFO] --- clean:3.4.1:clean (default-clean) @ ecosolution ---
[INFO] Deleting D:\TERM_05\wip\target
[INFO] 
[INFO] --- resources:3.3.1:resources (default-resources) @ ecosolution ---
[INFO] Copying 1 resource from src\main\resources to target\classes
[INFO] Copying 0 resource from src\main\resources to target\classes
[INFO] 
[INFO] --- compiler:3.13.0:compile (default-compile) @ ecosolution ---
[INFO] Recompiling the module because of changed source code.
[INFO] Compiling 10 source files with javac [debug parameters release 21] to target\classes
[INFO] 
[INFO] --- resources:3.3.1:testResources (default-testResources) @ ecosolution ---
[INFO] Copying 1 resource from src\test\resources to target\test-classes
[INFO] 
[INFO] --- compiler:3.13.0:testCompile (default-testCompile) @ ecosolution ---
[INFO] Recompiling the module because of changed dependency.
[INFO] Compiling 2 source files with javac [debug parameters release 21] to target\test-classes
[INFO] 
[INFO] --- surefire:3.5.2:test (default-test) @ ecosolution ---
[INFO] Using auto detected provider org.apache.maven.surefire.junitplatform.JUnitPlatformProvider
[INFO] 
[INFO] -------------------------------------------------------
[INFO]  T E S T S
[INFO] -------------------------------------------------------
[INFO] Running org.swp391_group4_backend.ecosolution.EcosolutionApplicationTests
07:53:28.038 [main] INFO org.springframework.test.context.support.AnnotationConfigContextLoaderUtils -- Could not detect default configuration classes for test class [org.swp391_group4_backend.ecosolution.EcosolutionApplicationTests]: EcosolutionApplicationTests does not declare any static, non-private, non-final, nested classes annotated with @Configuration.
07:53:28.167 [main] INFO org.springframework.boot.test.context.SpringBootTestContextBootstrapper -- Found @SpringBootConfiguration org.swp391_group4_backend.ecosolution.EcosolutionApplication for test class org.swp391_group4_backend.ecosolution.EcosolutionApplicationTests

  .   ____          _            __ _ _
 /\\ / ___'_ __ _ _(_)_ __  __ _ \ \ \ \
( ( )\___ | '_ | '_| | '_ \/ _` | \ \ \ \
 \\/  ___)| |_)| | | | | || (_| |  ) ) ) )
  '  |____| .__|_| |_|_| |_\__, | / / / /
 =========|_|==============|___/=/_/_/_/

 :: Spring Boot ::                (v3.4.3)

2026-03-10T07:53:28.679+07:00  INFO 19056 --- [EcoSolution_EVOSNDA] [           main] o.s.e.EcosolutionApplicationTests        : Starting EcosolutionApplicationTests using Java 21.0.9 with PID 19056 (started by evosn in D:\TERM_05\wip)
2026-03-10T07:53:28.680+07:00  INFO 19056 --- [EcoSolution_EVOSNDA] [           main] o.s.e.EcosolutionApplicationTests        : The following 1 profile is active: "test"
2026-03-10T07:53:29.775+07:00  INFO 19056 --- [EcoSolution_EVOSNDA] [           main] .s.d.r.c.RepositoryConfigurationDelegate : Bootstrapping Spring Data JPA repositories in DEFAULT mode.
2026-03-10T07:53:29.875+07:00  INFO 19056 --- [EcoSolution_EVOSNDA] [           main] .s.d.r.c.RepositoryConfigurationDelegate : Finished Spring Data repository scanning in 79 ms. Found 2 JPA repository interfaces.
2026-03-10T07:53:30.736+07:00  INFO 19056 --- [EcoSolution_EVOSNDA] [           main] o.hibernate.jpa.internal.util.LogHelper  : HHH000204: Processing PersistenceUnitInfo [name: default]
2026-03-10T07:53:30.826+07:00  INFO 19056 --- [EcoSolution_EVOSNDA] [           main] org.hibernate.Version                    : HHH000412: Hibernate ORM core version 6.6.8.Final
2026-03-10T07:53:30.921+07:00  INFO 19056 --- [EcoSolution_EVOSNDA] [           main] o.h.c.internal.RegionFactoryInitiator    : HHH000026: Second-level cache disabled
2026-03-10T07:53:31.638+07:00  INFO 19056 --- [EcoSolution_EVOSNDA] [           main] o.s.o.j.p.SpringPersistenceUnitInfo      : No LoadTimeWeaver setup: ignoring JPA class transformer
2026-03-10T07:53:31.707+07:00  INFO 19056 --- [EcoSolution_EVOSNDA] [           main] com.zaxxer.hikari.HikariDataSource       : HikariPool-1 - Starting...
2026-03-10T07:53:31.880+07:00  INFO 19056 --- [EcoSolution_EVOSNDA] [           main] com.zaxxer.hikari.pool.HikariPool        : HikariPool-1 - Added connection conn0: url=jdbc:h2:mem:testdb user=SA
2026-03-10T07:53:31.883+07:00  INFO 19056 --- [EcoSolution_EVOSNDA] [           main] com.zaxxer.hikari.HikariDataSource       : HikariPool-1 - Start completed.
2026-03-10T07:53:31.933+07:00  INFO 19056 --- [EcoSolution_EVOSNDA] [           main] org.hibernate.orm.connections.pooling    : HHH10001005: Database info:
	Database JDBC URL [Connecting through datasource 'HikariDataSource (HikariPool-1)']
	Database driver: undefined/unknown
	Database version: 2.3.232
	Autocommit mode: undefined/unknown
	Isolation level: undefined/unknown
	Minimum pool size: undefined/unknown
	Maximum pool size: undefined/unknown
2026-03-10T07:53:32.690+07:00  INFO 19056 --- [EcoSolution_EVOSNDA] [           main] o.h.e.t.j.p.i.JtaPlatformInitiator       : HHH000489: No JTA platform available (set 'hibernate.transaction.jta.platform' to enable JTA platform integration)
Hibernate: 
    drop table if exists users cascade 
Hibernate: 
    drop table if exists waste_reports cascade 
Hibernate: 
    create table users (
        points integer not null,
        employer_id uuid,
        id uuid not null,
        email varchar(255) not null unique,
        password varchar(255) not null,
        username varchar(255) not null unique,
        role enum ('ADMIN','CITIZEN','COLLECTOR','ENTERPRISE') not null,
        primary key (id)
    )
Hibernate: 
    create table waste_reports (
        citizen_id uuid not null,
        collector_id uuid,
        enterprise_id uuid,
        id uuid not null,
        image_path varchar(255),
        location_district varchar(255),
        proof_image_path varchar(255),
        status enum ('ACCEPTED','ASSIGNED','COLLECTED','PENDING') not null,
        primary key (id)
    )
Hibernate: 
    alter table if exists users 
       add constraint FKnq2frcdiu2tb63556jv9dojg1 
       foreign key (employer_id) 
       references users
Hibernate: 
    alter table if exists waste_reports 
       add constraint FK72xi7agw04mw560lmrvj8k7q 
       foreign key (enterprise_id) 
       references users
Hibernate: 
    alter table if exists waste_reports 
       add constraint FK1jv8qjg2nxku2einke5yfnmlv 
       foreign key (collector_id) 
       references users
Hibernate: 
    alter table if exists waste_reports 
       add constraint FKg1u0rdyj8gjbjw4foqiox7kw3 
       foreign key (citizen_id) 
       references users
2026-03-10T07:53:32.732+07:00  INFO 19056 --- [EcoSolution_EVOSNDA] [           main] j.LocalContainerEntityManagerFactoryBean : Initialized JPA EntityManagerFactory for persistence unit 'default'
2026-03-10T07:53:33.909+07:00  WARN 19056 --- [EcoSolution_EVOSNDA] [           main] JpaBaseConfiguration$JpaWebConfiguration : spring.jpa.open-in-view is enabled by default. Therefore, database queries may be performed during view rendering. Explicitly configure spring.jpa.open-in-view to disable this warning
2026-03-10T07:53:34.727+07:00  WARN 19056 --- [EcoSolution_EVOSNDA] [           main] ion$DefaultTemplateResolverConfiguration : Cannot find template location: classpath:/templates/ (please add some templates, check your Thymeleaf configuration, or set spring.thymeleaf.check-template-location=false)
2026-03-10T07:53:35.082+07:00  INFO 19056 --- [EcoSolution_EVOSNDA] [           main] o.s.e.EcosolutionApplicationTests        : Started EcosolutionApplicationTests in 6.732 seconds (process running for 7.846)
.\mvnw.cmd : Mockito is currently self-attaching to enable the inline-mock-maker. This will no longer work in future releases of the JDK. Please add Mockito as an agent to your build what is described in Mockito's documentation: 
https://javadoc.io/doc/org.mockito/mockito-core/latest/org/mockito/Mockito.html#0.3
At line:1 char:21
+ ... RM_05\wip ; .\mvnw.cmd clean test 2>&1 > D:\TERM_05\wip\test-output.t ...
+                 ~~~~~~~~~~~~~~~~~~~~~~~~~~~~~~~~~~~~~~~~~~~~~~~~~~~~~~~~~
    + CategoryInfo          : NotSpecified: (Mockito is curr...ockito.html#0.3:String) [], RemoteException
    + FullyQualifiedErrorId : NativeCommandError
 
Java HotSpot(TM) 64-Bit Server VM warning: Sharing is only supported for boot loader classes because bootstrap classpath has been appended
WARNING: A Java agent has been loaded dynamically (C:\Users\evosn\.m2\repository\net\bytebuddy\byte-buddy-agent\1.15.11\byte-buddy-agent-1.15.11.jar)
WARNING: If a serviceability tool is in use, please run with -XX:+EnableDynamicAgentLoading to hide this warning
WARNING: If a serviceability tool is not in use, please run with -Djdk.instrument.traceUsage for more information
WARNING: Dynamic loading of agents will be disallowed by default in a future release
[INFO] Tests run: 1, Failures: 0, Errors: 0, Skipped: 0, Time elapsed: 7.683 s -- in org.swp391_group4_backend.ecosolution.EcosolutionApplicationTests
[INFO] Running org.swp391_group4_backend.ecosolution.reporting.service.impl.ReportServiceTest
2026-03-10T07:53:35.529+07:00  INFO 19056 --- [EcoSolution_EVOSNDA] [           main] t.c.s.AnnotationConfigContextLoaderUtils : Could not detect default configuration classes for test class [org.swp391_group4_backend.ecosolution.reporting.service.impl.ReportServiceTest]: ReportServiceTest does not declare any static, non-private, non-final, nested classes annotated with @Configuration.
2026-03-10T07:53:35.544+07:00  INFO 19056 --- [EcoSolution_EVOSNDA] [           main] .b.t.c.SpringBootTestContextBootstrapper : Found @SpringBootConfiguration org.swp391_group4_backend.ecosolution.EcosolutionApplication for test class org.swp391_group4_backend.ecosolution.reporting.service.impl.ReportServiceTest
[INFO] Running org.swp391_group4_backend.ecosolution.reporting.service.impl.ReportServiceTest$ProofRequired
2026-03-10T07:53:35.552+07:00  INFO 19056 --- [EcoSolution_EVOSNDA] [           main] t.c.s.AnnotationConfigContextLoaderUtils : Could not detect default configuration classes for test class [org.swp391_group4_backend.ecosolution.reporting.service.impl.ReportServiceTest$ProofRequired]: ProofRequired does not declare any static, non-private, non-final, nested classes annotated with @Configuration.
2026-03-10T07:53:35.556+07:00  INFO 19056 --- [EcoSolution_EVOSNDA] [           main] .b.t.c.SpringBootTestContextBootstrapper : Found @SpringBootConfiguration org.swp391_group4_backend.ecosolution.EcosolutionApplication for test class org.swp391_group4_backend.ecosolution.reporting.service.impl.ReportServiceTest$ProofRequired
Hibernate: 
    select
        wr1_0.id,
        wr1_0.enterprise_id,
        wr1_0.collector_id,
        wr1_0.citizen_id,
        wr1_0.image_path,
        wr1_0.location_district,
        wr1_0.proof_image_path,
        wr1_0.status 
    from
        waste_reports wr1_0
Hibernate: 
    select
        u1_0.id,
        u1_0.email,
        u1_0.employer_id,
        u1_0.password,
        u1_0.points,
        u1_0.role,
        u1_0.username 
    from
        users u1_0
Hibernate: 
    insert 
    into
        users
        (email, employer_id, password, points, role, username, id) 
    values
        (?, ?, ?, ?, ?, ?, ?)
Hibernate: 
    insert 
    into
        waste_reports
        (enterprise_id, collector_id, citizen_id, image_path, location_district, proof_image_path, status, id) 
    values
        (?, ?, ?, ?, ?, ?, ?, ?)
Hibernate: 
    select
        wr1_0.id,
        ab1_0.id,
        ab1_0.email,
        e1_0.id,
        e1_0.email,
        e1_0.employer_id,
        e1_0.password,
        e1_0.points,
        e1_0.role,
        e1_0.username,
        ab1_0.password,
        ab1_0.points,
        ab1_0.role,
        ab1_0.username,
        cb1_0.id,
        cb1_0.email,
        e3_0.id,
        e3_0.email,
        e3_0.employer_id,
        e3_0.password,
        e3_0.points,
        e3_0.role,
        e3_0.username,
        cb1_0.password,
        cb1_0.points,
        cb1_0.role,
        cb1_0.username,
        wr1_0.citizen_id,
        cb2_0.id,
        cb2_0.email,
        e5_0.id,
        e5_0.email,
        e5_0.employer_id,
        e5_0.password,
        e5_0.points,
        e5_0.role,
        e5_0.username,
        cb2_0.password,
        cb2_0.points,
        cb2_0.role,
        cb2_0.username,
        wr1_0.image_path,
        wr1_0.location_district,
        wr1_0.proof_image_path,
        wr1_0.status 
    from
        waste_reports wr1_0 
    left join
        users ab1_0 
            on ab1_0.id=wr1_0.enterprise_id 
    left join
        users e1_0 
            on e1_0.id=ab1_0.employer_id 
    left join
        users cb1_0 
            on cb1_0.id=wr1_0.collector_id 
    left join
        users e3_0 
            on e3_0.id=cb1_0.employer_id 
    join
        users cb2_0 
            on cb2_0.id=wr1_0.citizen_id 
    left join
        users e5_0 
            on e5_0.id=cb2_0.employer_id 
    where
        wr1_0.id=?
[INFO] Tests run: 1, Failures: 0, Errors: 0, Skipped: 0, Time elapsed: 0.272 s -- in org.swp391_group4_backend.ecosolution.reporting.service.impl.ReportServiceTest$ProofRequired
[INFO] Running org.swp391_group4_backend.ecosolution.reporting.service.impl.ReportServiceTest$TerminalAndReverse
2026-03-10T07:53:35.822+07:00  INFO 19056 --- [EcoSolution_EVOSNDA] [           main] t.c.s.AnnotationConfigContextLoaderUtils : Could not detect default configuration classes for test class [org.swp391_group4_backend.ecosolution.reporting.service.impl.ReportServiceTest$TerminalAndReverse]: TerminalAndReverse does not declare any static, non-private, non-final, nested classes annotated with @Configuration.
2026-03-10T07:53:35.824+07:00  INFO 19056 --- [EcoSolution_EVOSNDA] [           main] .b.t.c.SpringBootTestContextBootstrapper : Found @SpringBootConfiguration org.swp391_group4_backend.ecosolution.EcosolutionApplication for test class org.swp391_group4_backend.ecosolution.reporting.service.impl.ReportServiceTest$TerminalAndReverse
Hibernate: 
    select
        wr1_0.id,
        wr1_0.enterprise_id,
        wr1_0.collector_id,
        wr1_0.citizen_id,
        wr1_0.image_path,
        wr1_0.location_district,
        wr1_0.proof_image_path,
        wr1_0.status 
    from
        waste_reports wr1_0
Hibernate: 
    select
        u1_0.id,
        u1_0.email,
        e1_0.id,
        e1_0.email,
        e1_0.employer_id,
        e1_0.password,
        e1_0.points,
        e1_0.role,
        e1_0.username,
        u1_0.password,
        u1_0.points,
        u1_0.role,
        u1_0.username 
    from
        users u1_0 
    left join
        users e1_0 
            on e1_0.id=u1_0.employer_id 
    where
        u1_0.id=?
Hibernate: 
    delete 
    from
        waste_reports 
    where
        id=?
Hibernate: 
    select
        u1_0.id,
        u1_0.email,
        u1_0.employer_id,
        u1_0.password,
        u1_0.points,
        u1_0.role,
        u1_0.username 
    from
        users u1_0
Hibernate: 
    delete 
    from
        users 
    where
        id=?
Hibernate: 
    insert 
    into
        users
        (email, employer_id, password, points, role, username, id) 
    values
        (?, ?, ?, ?, ?, ?, ?)
Hibernate: 
    insert 
    into
        waste_reports
        (enterprise_id, collector_id, citizen_id, image_path, location_district, proof_image_path, status, id) 
    values
        (?, ?, ?, ?, ?, ?, ?, ?)
Hibernate: 
    select
        wr1_0.id,
        ab1_0.id,
        ab1_0.email,
        e1_0.id,
        e1_0.email,
        e1_0.employer_id,
        e1_0.password,
        e1_0.points,
        e1_0.role,
        e1_0.username,
        ab1_0.password,
        ab1_0.points,
        ab1_0.role,
        ab1_0.username,
        cb1_0.id,
        cb1_0.email,
        e3_0.id,
        e3_0.email,
        e3_0.employer_id,
        e3_0.password,
        e3_0.points,
        e3_0.role,
        e3_0.username,
        cb1_0.password,
        cb1_0.points,
        cb1_0.role,
        cb1_0.username,
        wr1_0.citizen_id,
        cb2_0.id,
        cb2_0.email,
        e5_0.id,
        e5_0.email,
        e5_0.employer_id,
        e5_0.password,
        e5_0.points,
        e5_0.role,
        e5_0.username,
        cb2_0.password,
        cb2_0.points,
        cb2_0.role,
        cb2_0.username,
        wr1_0.image_path,
        wr1_0.location_district,
        wr1_0.proof_image_path,
        wr1_0.status 
    from
        waste_reports wr1_0 
    left join
        users ab1_0 
            on ab1_0.id=wr1_0.enterprise_id 
    left join
        users e1_0 
            on e1_0.id=ab1_0.employer_id 
    left join
        users cb1_0 
            on cb1_0.id=wr1_0.collector_id 
    left join
        users e3_0 
            on e3_0.id=cb1_0.employer_id 
    join
        users cb2_0 
            on cb2_0.id=wr1_0.citizen_id 
    left join
        users e5_0 
            on e5_0.id=cb2_0.employer_id 
    where
        wr1_0.id=?
Hibernate: 
    select
        wr1_0.id,
        wr1_0.enterprise_id,
        wr1_0.collector_id,
        wr1_0.citizen_id,
        wr1_0.image_path,
        wr1_0.location_district,
        wr1_0.proof_image_path,
        wr1_0.status 
    from
        waste_reports wr1_0
Hibernate: 
    select
        u1_0.id,
        u1_0.email,
        e1_0.id,
        e1_0.email,
        e1_0.employer_id,
        e1_0.password,
        e1_0.points,
        e1_0.role,
        e1_0.username,
        u1_0.password,
        u1_0.points,
        u1_0.role,
        u1_0.username 
    from
        users u1_0 
    left join
        users e1_0 
            on e1_0.id=u1_0.employer_id 
    where
        u1_0.id=?
Hibernate: 
    delete 
    from
        waste_reports 
    where
        id=?
Hibernate: 
    select
        u1_0.id,
        u1_0.email,
        u1_0.employer_id,
        u1_0.password,
        u1_0.points,
        u1_0.role,
        u1_0.username 
    from
        users u1_0
Hibernate: 
    delete 
    from
        users 
    where
        id=?
Hibernate: 
    insert 
    into
        users
        (email, employer_id, password, points, role, username, id) 
    values
        (?, ?, ?, ?, ?, ?, ?)
Hibernate: 
    insert 
    into
        waste_reports
        (enterprise_id, collector_id, citizen_id, image_path, location_district, proof_image_path, status, id) 
    values
        (?, ?, ?, ?, ?, ?, ?, ?)
Hibernate: 
    select
        wr1_0.id,
        ab1_0.id,
        ab1_0.email,
        e1_0.id,
        e1_0.email,
        e1_0.employer_id,
        e1_0.password,
        e1_0.points,
        e1_0.role,
        e1_0.username,
        ab1_0.password,
        ab1_0.points,
        ab1_0.role,
        ab1_0.username,
        cb1_0.id,
        cb1_0.email,
        e3_0.id,
        e3_0.email,
        e3_0.employer_id,
        e3_0.password,
        e3_0.points,
        e3_0.role,
        e3_0.username,
        cb1_0.password,
        cb1_0.points,
        cb1_0.role,
        cb1_0.username,
        wr1_0.citizen_id,
        cb2_0.id,
        cb2_0.email,
        e5_0.id,
        e5_0.email,
        e5_0.employer_id,
        e5_0.password,
        e5_0.points,
        e5_0.role,
        e5_0.username,
        cb2_0.password,
        cb2_0.points,
        cb2_0.role,
        cb2_0.username,
        wr1_0.image_path,
        wr1_0.location_district,
        wr1_0.proof_image_path,
        wr1_0.status 
    from
        waste_reports wr1_0 
    left join
        users ab1_0 
            on ab1_0.id=wr1_0.enterprise_id 
    left join
        users e1_0 
            on e1_0.id=ab1_0.employer_id 
    left join
        users cb1_0 
            on cb1_0.id=wr1_0.collector_id 
    left join
        users e3_0 
            on e3_0.id=cb1_0.employer_id 
    join
        users cb2_0 
            on cb2_0.id=wr1_0.citizen_id 
    left join
        users e5_0 
            on e5_0.id=cb2_0.employer_id 
    where
        wr1_0.id=?
[INFO] Tests run: 2, Failures: 0, Errors: 0, Skipped: 0, Time elapsed: 0.045 s -- in org.swp391_group4_backend.ecosolution.reporting.service.impl.ReportServiceTest$TerminalAndReverse
[INFO] Running org.swp391_group4_backend.ecosolution.reporting.service.impl.ReportServiceTest$InvalidSkipping
2026-03-10T07:53:35.869+07:00  INFO 19056 --- [EcoSolution_EVOSNDA] [           main] t.c.s.AnnotationConfigContextLoaderUtils : Could not detect default configuration classes for test class [org.swp391_group4_backend.ecosolution.reporting.service.impl.ReportServiceTest$InvalidSkipping]: InvalidSkipping does not declare any static, non-private, non-final, nested classes annotated with @Configuration.
2026-03-10T07:53:35.871+07:00  INFO 19056 --- [EcoSolution_EVOSNDA] [           main] .b.t.c.SpringBootTestContextBootstrapper : Found @SpringBootConfiguration org.swp391_group4_backend.ecosolution.EcosolutionApplication for test class org.swp391_group4_backend.ecosolution.reporting.service.impl.ReportServiceTest$InvalidSkipping
Hibernate: 
    select
        wr1_0.id,
        wr1_0.enterprise_id,
        wr1_0.collector_id,
        wr1_0.citizen_id,
        wr1_0.image_path,
        wr1_0.location_district,
        wr1_0.proof_image_path,
        wr1_0.status 
    from
        waste_reports wr1_0
Hibernate: 
    select
        u1_0.id,
        u1_0.email,
        e1_0.id,
        e1_0.email,
        e1_0.employer_id,
        e1_0.password,
        e1_0.points,
        e1_0.role,
        e1_0.username,
        u1_0.password,
        u1_0.points,
        u1_0.role,
        u1_0.username 
    from
        users u1_0 
    left join
        users e1_0 
            on e1_0.id=u1_0.employer_id 
    where
        u1_0.id=?
Hibernate: 
    delete 
    from
        waste_reports 
    where
        id=?
Hibernate: 
    select
        u1_0.id,
        u1_0.email,
        u1_0.employer_id,
        u1_0.password,
        u1_0.points,
        u1_0.role,
        u1_0.username 
    from
        users u1_0
Hibernate: 
    delete 
    from
        users 
    where
        id=?
Hibernate: 
    insert 
    into
        users
        (email, employer_id, password, points, role, username, id) 
    values
        (?, ?, ?, ?, ?, ?, ?)
Hibernate: 
    insert 
    into
        waste_reports
        (enterprise_id, collector_id, citizen_id, image_path, location_district, proof_image_path, status, id) 
    values
        (?, ?, ?, ?, ?, ?, ?, ?)
Hibernate: 
    select
        wr1_0.id,
        ab1_0.id,
        ab1_0.email,
        e1_0.id,
        e1_0.email,
        e1_0.employer_id,
        e1_0.password,
        e1_0.points,
        e1_0.role,
        e1_0.username,
        ab1_0.password,
        ab1_0.points,
        ab1_0.role,
        ab1_0.username,
        cb1_0.id,
        cb1_0.email,
        e3_0.id,
        e3_0.email,
        e3_0.employer_id,
        e3_0.password,
        e3_0.points,
        e3_0.role,
        e3_0.username,
        cb1_0.password,
        cb1_0.points,
        cb1_0.role,
        cb1_0.username,
        wr1_0.citizen_id,
        cb2_0.id,
        cb2_0.email,
        e5_0.id,
        e5_0.email,
        e5_0.employer_id,
        e5_0.password,
        e5_0.points,
        e5_0.role,
        e5_0.username,
        cb2_0.password,
        cb2_0.points,
        cb2_0.role,
        cb2_0.username,
        wr1_0.image_path,
        wr1_0.location_district,
        wr1_0.proof_image_path,
        wr1_0.status 
    from
        waste_reports wr1_0 
    left join
        users ab1_0 
            on ab1_0.id=wr1_0.enterprise_id 
    left join
        users e1_0 
            on e1_0.id=ab1_0.employer_id 
    left join
        users cb1_0 
            on cb1_0.id=wr1_0.collector_id 
    left join
        users e3_0 
            on e3_0.id=cb1_0.employer_id 
    join
        users cb2_0 
            on cb2_0.id=wr1_0.citizen_id 
    left join
        users e5_0 
            on e5_0.id=cb2_0.employer_id 
    where
        wr1_0.id=?
Hibernate: 
    select
        wr1_0.id,
        wr1_0.enterprise_id,
        wr1_0.collector_id,
        wr1_0.citizen_id,
        wr1_0.image_path,
        wr1_0.location_district,
        wr1_0.proof_image_path,
        wr1_0.status 
    from
        waste_reports wr1_0
Hibernate: 
    select
        u1_0.id,
        u1_0.email,
        e1_0.id,
        e1_0.email,
        e1_0.employer_id,
        e1_0.password,
        e1_0.points,
        e1_0.role,
        e1_0.username,
        u1_0.password,
        u1_0.points,
        u1_0.role,
        u1_0.username 
    from
        users u1_0 
    left join
        users e1_0 
            on e1_0.id=u1_0.employer_id 
    where
        u1_0.id=?
Hibernate: 
    delete 
    from
        waste_reports 
    where
        id=?
Hibernate: 
    select
        u1_0.id,
        u1_0.email,
        u1_0.employer_id,
        u1_0.password,
        u1_0.points,
        u1_0.role,
        u1_0.username 
    from
        users u1_0
Hibernate: 
    delete 
    from
        users 
    where
        id=?
Hibernate: 
    insert 
    into
        users
        (email, employer_id, password, points, role, username, id) 
    values
        (?, ?, ?, ?, ?, ?, ?)
Hibernate: 
    insert 
    into
        waste_reports
        (enterprise_id, collector_id, citizen_id, image_path, location_district, proof_image_path, status, id) 
    values
        (?, ?, ?, ?, ?, ?, ?, ?)
Hibernate: 
    select
        wr1_0.id,
        ab1_0.id,
        ab1_0.email,
        e1_0.id,
        e1_0.email,
        e1_0.employer_id,
        e1_0.password,
        e1_0.points,
        e1_0.role,
        e1_0.username,
        ab1_0.password,
        ab1_0.points,
        ab1_0.role,
        ab1_0.username,
        cb1_0.id,
        cb1_0.email,
        e3_0.id,
        e3_0.email,
        e3_0.employer_id,
        e3_0.password,
        e3_0.points,
        e3_0.role,
        e3_0.username,
        cb1_0.password,
        cb1_0.points,
        cb1_0.role,
        cb1_0.username,
        wr1_0.citizen_id,
        cb2_0.id,
        cb2_0.email,
        e5_0.id,
        e5_0.email,
        e5_0.employer_id,
        e5_0.password,
        e5_0.points,
        e5_0.role,
        e5_0.username,
        cb2_0.password,
        cb2_0.points,
        cb2_0.role,
        cb2_0.username,
        wr1_0.image_path,
        wr1_0.location_district,
        wr1_0.proof_image_path,
        wr1_0.status 
    from
        waste_reports wr1_0 
    left join
        users ab1_0 
            on ab1_0.id=wr1_0.enterprise_id 
    left join
        users e1_0 
            on e1_0.id=ab1_0.employer_id 
    left join
        users cb1_0 
            on cb1_0.id=wr1_0.collector_id 
    left join
        users e3_0 
            on e3_0.id=cb1_0.employer_id 
    join
        users cb2_0 
            on cb2_0.id=wr1_0.citizen_id 
    left join
        users e5_0 
            on e5_0.id=cb2_0.employer_id 
    where
        wr1_0.id=?
Hibernate: 
    select
        wr1_0.id,
        wr1_0.enterprise_id,
        wr1_0.collector_id,
        wr1_0.citizen_id,
        wr1_0.image_path,
        wr1_0.location_district,
        wr1_0.proof_image_path,
        wr1_0.status 
    from
        waste_reports wr1_0
Hibernate: 
    select
        u1_0.id,
        u1_0.email,
        e1_0.id,
        e1_0.email,
        e1_0.employer_id,
        e1_0.password,
        e1_0.points,
        e1_0.role,
        e1_0.username,
        u1_0.password,
        u1_0.points,
        u1_0.role,
        u1_0.username 
    from
        users u1_0 
    left join
        users e1_0 
            on e1_0.id=u1_0.employer_id 
    where
        u1_0.id=?
Hibernate: 
    delete 
    from
        waste_reports 
    where
        id=?
Hibernate: 
    select
        u1_0.id,
        u1_0.email,
        u1_0.employer_id,
        u1_0.password,
        u1_0.points,
        u1_0.role,
        u1_0.username 
    from
        users u1_0
Hibernate: 
    delete 
    from
        users 
    where
        id=?
Hibernate: 
    insert 
    into
        users
        (email, employer_id, password, points, role, username, id) 
    values
        (?, ?, ?, ?, ?, ?, ?)
Hibernate: 
    insert 
    into
        waste_reports
        (enterprise_id, collector_id, citizen_id, image_path, location_district, proof_image_path, status, id) 
    values
        (?, ?, ?, ?, ?, ?, ?, ?)
Hibernate: 
    select
        wr1_0.id,
        ab1_0.id,
        ab1_0.email,
        e1_0.id,
        e1_0.email,
        e1_0.employer_id,
        e1_0.password,
        e1_0.points,
        e1_0.role,
        e1_0.username,
        ab1_0.password,
        ab1_0.points,
        ab1_0.role,
        ab1_0.username,
        cb1_0.id,
        cb1_0.email,
        e3_0.id,
        e3_0.email,
        e3_0.employer_id,
        e3_0.password,
        e3_0.points,
        e3_0.role,
        e3_0.username,
        cb1_0.password,
        cb1_0.points,
        cb1_0.role,
        cb1_0.username,
        wr1_0.citizen_id,
        cb2_0.id,
        cb2_0.email,
        e5_0.id,
        e5_0.email,
        e5_0.employer_id,
        e5_0.password,
        e5_0.points,
        e5_0.role,
        e5_0.username,
        cb2_0.password,
        cb2_0.points,
        cb2_0.role,
        cb2_0.username,
        wr1_0.image_path,
        wr1_0.location_district,
        wr1_0.proof_image_path,
        wr1_0.status 
    from
        waste_reports wr1_0 
    left join
        users ab1_0 
            on ab1_0.id=wr1_0.enterprise_id 
    left join
        users e1_0 
            on e1_0.id=ab1_0.employer_id 
    left join
        users cb1_0 
            on cb1_0.id=wr1_0.collector_id 
    left join
        users e3_0 
            on e3_0.id=cb1_0.employer_id 
    join
        users cb2_0 
            on cb2_0.id=wr1_0.citizen_id 
    left join
        users e5_0 
            on e5_0.id=cb2_0.employer_id 
    where
        wr1_0.id=?
[INFO] Tests run: 3, Failures: 0, Errors: 0, Skipped: 0, Time elapsed: 0.046 s -- in org.swp391_group4_backend.ecosolution.reporting.service.impl.ReportServiceTest$InvalidSkipping
[INFO] Running org.swp391_group4_backend.ecosolution.reporting.service.impl.ReportServiceTest$ValidTransitions
2026-03-10T07:53:35.917+07:00  INFO 19056 --- [EcoSolution_EVOSNDA] [           main] t.c.s.AnnotationConfigContextLoaderUtils : Could not detect default configuration classes for test class [org.swp391_group4_backend.ecosolution.reporting.service.impl.ReportServiceTest$ValidTransitions]: ValidTransitions does not declare any static, non-private, non-final, nested classes annotated with @Configuration.
2026-03-10T07:53:35.919+07:00  INFO 19056 --- [EcoSolution_EVOSNDA] [           main] .b.t.c.SpringBootTestContextBootstrapper : Found @SpringBootConfiguration org.swp391_group4_backend.ecosolution.EcosolutionApplication for test class org.swp391_group4_backend.ecosolution.reporting.service.impl.ReportServiceTest$ValidTransitions
Hibernate: 
    select
        wr1_0.id,
        wr1_0.enterprise_id,
        wr1_0.collector_id,
        wr1_0.citizen_id,
        wr1_0.image_path,
        wr1_0.location_district,
        wr1_0.proof_image_path,
        wr1_0.status 
    from
        waste_reports wr1_0
Hibernate: 
    select
        u1_0.id,
        u1_0.email,
        e1_0.id,
        e1_0.email,
        e1_0.employer_id,
        e1_0.password,
        e1_0.points,
        e1_0.role,
        e1_0.username,
        u1_0.password,
        u1_0.points,
        u1_0.role,
        u1_0.username 
    from
        users u1_0 
    left join
        users e1_0 
            on e1_0.id=u1_0.employer_id 
    where
        u1_0.id=?
Hibernate: 
    delete 
    from
        waste_reports 
    where
        id=?
Hibernate: 
    select
        u1_0.id,
        u1_0.email,
        u1_0.employer_id,
        u1_0.password,
        u1_0.points,
        u1_0.role,
        u1_0.username 
    from
        users u1_0
Hibernate: 
    delete 
    from
        users 
    where
        id=?
Hibernate: 
    insert 
    into
        users
        (email, employer_id, password, points, role, username, id) 
    values
        (?, ?, ?, ?, ?, ?, ?)
Hibernate: 
    insert 
    into
        waste_reports
        (enterprise_id, collector_id, citizen_id, image_path, location_district, proof_image_path, status, id) 
    values
        (?, ?, ?, ?, ?, ?, ?, ?)
Hibernate: 
    select
        wr1_0.id,
        ab1_0.id,
        ab1_0.email,
        e1_0.id,
        e1_0.email,
        e1_0.employer_id,
        e1_0.password,
        e1_0.points,
        e1_0.role,
        e1_0.username,
        ab1_0.password,
        ab1_0.points,
        ab1_0.role,
        ab1_0.username,
        cb1_0.id,
        cb1_0.email,
        e3_0.id,
        e3_0.email,
        e3_0.employer_id,
        e3_0.password,
        e3_0.points,
        e3_0.role,
        e3_0.username,
        cb1_0.password,
        cb1_0.points,
        cb1_0.role,
        cb1_0.username,
        wr1_0.citizen_id,
        cb2_0.id,
        cb2_0.email,
        e5_0.id,
        e5_0.email,
        e5_0.employer_id,
        e5_0.password,
        e5_0.points,
        e5_0.role,
        e5_0.username,
        cb2_0.password,
        cb2_0.points,
        cb2_0.role,
        cb2_0.username,
        wr1_0.image_path,
        wr1_0.location_district,
        wr1_0.proof_image_path,
        wr1_0.status 
    from
        waste_reports wr1_0 
    left join
        users ab1_0 
            on ab1_0.id=wr1_0.enterprise_id 
    left join
        users e1_0 
            on e1_0.id=ab1_0.employer_id 
    left join
        users cb1_0 
            on cb1_0.id=wr1_0.collector_id 
    left join
        users e3_0 
            on e3_0.id=cb1_0.employer_id 
    join
        users cb2_0 
            on cb2_0.id=wr1_0.citizen_id 
    left join
        users e5_0 
            on e5_0.id=cb2_0.employer_id 
    where
        wr1_0.id=?
Hibernate: 
    select
        wr1_0.id,
        ab1_0.id,
        ab1_0.email,
        e1_0.id,
        e1_0.email,
        e1_0.employer_id,
        e1_0.password,
        e1_0.points,
        e1_0.role,
        e1_0.username,
        ab1_0.password,
        ab1_0.points,
        ab1_0.role,
        ab1_0.username,
        cb1_0.id,
        cb1_0.email,
        e3_0.id,
        e3_0.email,
        e3_0.employer_id,
        e3_0.password,
        e3_0.points,
        e3_0.role,
        e3_0.username,
        cb1_0.password,
        cb1_0.points,
        cb1_0.role,
        cb1_0.username,
        wr1_0.citizen_id,
        cb2_0.id,
        cb2_0.email,
        e5_0.id,
        e5_0.email,
        e5_0.employer_id,
        e5_0.password,
        e5_0.points,
        e5_0.role,
        e5_0.username,
        cb2_0.password,
        cb2_0.points,
        cb2_0.role,
        cb2_0.username,
        wr1_0.image_path,
        wr1_0.location_district,
        wr1_0.proof_image_path,
        wr1_0.status 
    from
        waste_reports wr1_0 
    left join
        users ab1_0 
            on ab1_0.id=wr1_0.enterprise_id 
    left join
        users e1_0 
            on e1_0.id=ab1_0.employer_id 
    left join
        users cb1_0 
            on cb1_0.id=wr1_0.collector_id 
    left join
        users e3_0 
            on e3_0.id=cb1_0.employer_id 
    join
        users cb2_0 
            on cb2_0.id=wr1_0.citizen_id 
    left join
        users e5_0 
            on e5_0.id=cb2_0.employer_id 
    where
        wr1_0.id=?
Hibernate: 
    update
        waste_reports 
    set
        enterprise_id=?,
        collector_id=?,
        citizen_id=?,
        image_path=?,
        location_district=?,
        proof_image_path=?,
        status=? 
    where
        id=?
Hibernate: 
    select
        wr1_0.id,
        ab1_0.id,
        ab1_0.email,
        e1_0.id,
        e1_0.email,
        e1_0.employer_id,
        e1_0.password,
        e1_0.points,
        e1_0.role,
        e1_0.username,
        ab1_0.password,
        ab1_0.points,
        ab1_0.role,
        ab1_0.username,
        cb1_0.id,
        cb1_0.email,
        e3_0.id,
        e3_0.email,
        e3_0.employer_id,
        e3_0.password,
        e3_0.points,
        e3_0.role,
        e3_0.username,
        cb1_0.password,
        cb1_0.points,
        cb1_0.role,
        cb1_0.username,
        wr1_0.citizen_id,
        cb2_0.id,
        cb2_0.email,
        e5_0.id,
        e5_0.email,
        e5_0.employer_id,
        e5_0.password,
        e5_0.points,
        e5_0.role,
        e5_0.username,
        cb2_0.password,
        cb2_0.points,
        cb2_0.role,
        cb2_0.username,
        wr1_0.image_path,
        wr1_0.location_district,
        wr1_0.proof_image_path,
        wr1_0.status 
    from
        waste_reports wr1_0 
    left join
        users ab1_0 
            on ab1_0.id=wr1_0.enterprise_id 
    left join
        users e1_0 
            on e1_0.id=ab1_0.employer_id 
    left join
        users cb1_0 
            on cb1_0.id=wr1_0.collector_id 
    left join
        users e3_0 
            on e3_0.id=cb1_0.employer_id 
    join
        users cb2_0 
            on cb2_0.id=wr1_0.citizen_id 
    left join
        users e5_0 
            on e5_0.id=cb2_0.employer_id 
    where
        wr1_0.id=?
Hibernate: 
    select
        wr1_0.id,
        wr1_0.enterprise_id,
        wr1_0.collector_id,
        wr1_0.citizen_id,
        wr1_0.image_path,
        wr1_0.location_district,
        wr1_0.proof_image_path,
        wr1_0.status 
    from
        waste_reports wr1_0
Hibernate: 
    select
        u1_0.id,
        u1_0.email,
        e1_0.id,
        e1_0.email,
        e1_0.employer_id,
        e1_0.password,
        e1_0.points,
        e1_0.role,
        e1_0.username,
        u1_0.password,
        u1_0.points,
        u1_0.role,
        u1_0.username 
    from
        users u1_0 
    left join
        users e1_0 
            on e1_0.id=u1_0.employer_id 
    where
        u1_0.id=?
Hibernate: 
    delete 
    from
        waste_reports 
    where
        id=?
Hibernate: 
    select
        u1_0.id,
        u1_0.email,
        u1_0.employer_id,
        u1_0.password,
        u1_0.points,
        u1_0.role,
        u1_0.username 
    from
        users u1_0
Hibernate: 
    delete 
    from
        users 
    where
        id=?
Hibernate: 
    insert 
    into
        users
        (email, employer_id, password, points, role, username, id) 
    values
        (?, ?, ?, ?, ?, ?, ?)
Hibernate: 
    insert 
    into
        waste_reports
        (enterprise_id, collector_id, citizen_id, image_path, location_district, proof_image_path, status, id) 
    values
        (?, ?, ?, ?, ?, ?, ?, ?)
Hibernate: 
    select
        wr1_0.id,
        ab1_0.id,
        ab1_0.email,
        e1_0.id,
        e1_0.email,
        e1_0.employer_id,
        e1_0.password,
        e1_0.points,
        e1_0.role,
        e1_0.username,
        ab1_0.password,
        ab1_0.points,
        ab1_0.role,
        ab1_0.username,
        cb1_0.id,
        cb1_0.email,
        e3_0.id,
        e3_0.email,
        e3_0.employer_id,
        e3_0.password,
        e3_0.points,
        e3_0.role,
        e3_0.username,
        cb1_0.password,
        cb1_0.points,
        cb1_0.role,
        cb1_0.username,
        wr1_0.citizen_id,
        cb2_0.id,
        cb2_0.email,
        e5_0.id,
        e5_0.email,
        e5_0.employer_id,
        e5_0.password,
        e5_0.points,
        e5_0.role,
        e5_0.username,
        cb2_0.password,
        cb2_0.points,
        cb2_0.role,
        cb2_0.username,
        wr1_0.image_path,
        wr1_0.location_district,
        wr1_0.proof_image_path,
        wr1_0.status 
    from
        waste_reports wr1_0 
    left join
        users ab1_0 
            on ab1_0.id=wr1_0.enterprise_id 
    left join
        users e1_0 
            on e1_0.id=ab1_0.employer_id 
    left join
        users cb1_0 
            on cb1_0.id=wr1_0.collector_id 
    left join
        users e3_0 
            on e3_0.id=cb1_0.employer_id 
    join
        users cb2_0 
            on cb2_0.id=wr1_0.citizen_id 
    left join
        users e5_0 
            on e5_0.id=cb2_0.employer_id 
    where
        wr1_0.id=?
Hibernate: 
    select
        wr1_0.id,
        ab1_0.id,
        ab1_0.email,
        e1_0.id,
        e1_0.email,
        e1_0.employer_id,
        e1_0.password,
        e1_0.points,
        e1_0.role,
        e1_0.username,
        ab1_0.password,
        ab1_0.points,
        ab1_0.role,
        ab1_0.username,
        cb1_0.id,
        cb1_0.email,
        e3_0.id,
        e3_0.email,
        e3_0.employer_id,
        e3_0.password,
        e3_0.points,
        e3_0.role,
        e3_0.username,
        cb1_0.password,
        cb1_0.points,
        cb1_0.role,
        cb1_0.username,
        wr1_0.citizen_id,
        cb2_0.id,
        cb2_0.email,
        e5_0.id,
        e5_0.email,
        e5_0.employer_id,
        e5_0.password,
        e5_0.points,
        e5_0.role,
        e5_0.username,
        cb2_0.password,
        cb2_0.points,
        cb2_0.role,
        cb2_0.username,
        wr1_0.image_path,
        wr1_0.location_district,
        wr1_0.proof_image_path,
        wr1_0.status 
    from
        waste_reports wr1_0 
    left join
        users ab1_0 
            on ab1_0.id=wr1_0.enterprise_id 
    left join
        users e1_0 
            on e1_0.id=ab1_0.employer_id 
    left join
        users cb1_0 
            on cb1_0.id=wr1_0.collector_id 
    left join
        users e3_0 
            on e3_0.id=cb1_0.employer_id 
    join
        users cb2_0 
            on cb2_0.id=wr1_0.citizen_id 
    left join
        users e5_0 
            on e5_0.id=cb2_0.employer_id 
    where
        wr1_0.id=?
Hibernate: 
    update
        waste_reports 
    set
        enterprise_id=?,
        collector_id=?,
        citizen_id=?,
        image_path=?,
        location_district=?,
        proof_image_path=?,
        status=? 
    where
        id=?
Hibernate: 
    select
        wr1_0.id,
        ab1_0.id,
        ab1_0.email,
        e1_0.id,
        e1_0.email,
        e1_0.employer_id,
        e1_0.password,
        e1_0.points,
        e1_0.role,
        e1_0.username,
        ab1_0.password,
        ab1_0.points,
        ab1_0.role,
        ab1_0.username,
        cb1_0.id,
        cb1_0.email,
        e3_0.id,
        e3_0.email,
        e3_0.employer_id,
        e3_0.password,
        e3_0.points,
        e3_0.role,
        e3_0.username,
        cb1_0.password,
        cb1_0.points,
        cb1_0.role,
        cb1_0.username,
        wr1_0.citizen_id,
        cb2_0.id,
        cb2_0.email,
        e5_0.id,
        e5_0.email,
        e5_0.employer_id,
        e5_0.password,
        e5_0.points,
        e5_0.role,
        e5_0.username,
        cb2_0.password,
        cb2_0.points,
        cb2_0.role,
        cb2_0.username,
        wr1_0.image_path,
        wr1_0.location_district,
        wr1_0.proof_image_path,
        wr1_0.status 
    from
        waste_reports wr1_0 
    left join
        users ab1_0 
            on ab1_0.id=wr1_0.enterprise_id 
    left join
        users e1_0 
            on e1_0.id=ab1_0.employer_id 
    left join
        users cb1_0 
            on cb1_0.id=wr1_0.collector_id 
    left join
        users e3_0 
            on e3_0.id=cb1_0.employer_id 
    join
        users cb2_0 
            on cb2_0.id=wr1_0.citizen_id 
    left join
        users e5_0 
            on e5_0.id=cb2_0.employer_id 
    where
        wr1_0.id=?
Hibernate: 
    select
        wr1_0.id,
        wr1_0.enterprise_id,
        wr1_0.collector_id,
        wr1_0.citizen_id,
        wr1_0.image_path,
        wr1_0.location_district,
        wr1_0.proof_image_path,
        wr1_0.status 
    from
        waste_reports wr1_0
Hibernate: 
    select
        u1_0.id,
        u1_0.email,
        e1_0.id,
        e1_0.email,
        e1_0.employer_id,
        e1_0.password,
        e1_0.points,
        e1_0.role,
        e1_0.username,
        u1_0.password,
        u1_0.points,
        u1_0.role,
        u1_0.username 
    from
        users u1_0 
    left join
        users e1_0 
            on e1_0.id=u1_0.employer_id 
    where
        u1_0.id=?
Hibernate: 
    delete 
    from
        waste_reports 
    where
        id=?
Hibernate: 
    select
        u1_0.id,
        u1_0.email,
        u1_0.employer_id,
        u1_0.password,
        u1_0.points,
        u1_0.role,
        u1_0.username 
    from
        users u1_0
Hibernate: 
    delete 
    from
        users 
    where
        id=?
Hibernate: 
    insert 
    into
        users
        (email, employer_id, password, points, role, username, id) 
    values
        (?, ?, ?, ?, ?, ?, ?)
Hibernate: 
    insert 
    into
        waste_reports
        (enterprise_id, collector_id, citizen_id, image_path, location_district, proof_image_path, status, id) 
    values
        (?, ?, ?, ?, ?, ?, ?, ?)
Hibernate: 
    select
        wr1_0.id,
        ab1_0.id,
        ab1_0.email,
        e1_0.id,
        e1_0.email,
        e1_0.employer_id,
        e1_0.password,
        e1_0.points,
        e1_0.role,
        e1_0.username,
        ab1_0.password,
        ab1_0.points,
        ab1_0.role,
        ab1_0.username,
        cb1_0.id,
        cb1_0.email,
        e3_0.id,
        e3_0.email,
        e3_0.employer_id,
        e3_0.password,
        e3_0.points,
        e3_0.role,
        e3_0.username,
        cb1_0.password,
        cb1_0.points,
        cb1_0.role,
        cb1_0.username,
        wr1_0.citizen_id,
        cb2_0.id,
        cb2_0.email,
        e5_0.id,
        e5_0.email,
        e5_0.employer_id,
        e5_0.password,
        e5_0.points,
        e5_0.role,
        e5_0.username,
        cb2_0.password,
        cb2_0.points,
        cb2_0.role,
        cb2_0.username,
        wr1_0.image_path,
        wr1_0.location_district,
        wr1_0.proof_image_path,
        wr1_0.status 
    from
        waste_reports wr1_0 
    left join
        users ab1_0 
            on ab1_0.id=wr1_0.enterprise_id 
    left join
        users e1_0 
            on e1_0.id=ab1_0.employer_id 
    left join
        users cb1_0 
            on cb1_0.id=wr1_0.collector_id 
    left join
        users e3_0 
            on e3_0.id=cb1_0.employer_id 
    join
        users cb2_0 
            on cb2_0.id=wr1_0.citizen_id 
    left join
        users e5_0 
            on e5_0.id=cb2_0.employer_id 
    where
        wr1_0.id=?
Hibernate: 
    update
        waste_reports 
    set
        enterprise_id=?,
        collector_id=?,
        citizen_id=?,
        image_path=?,
        location_district=?,
        proof_image_path=?,
        status=? 
    where
        id=?
Hibernate: 
    select
        wr1_0.id,
        ab1_0.id,
        ab1_0.email,
        e1_0.id,
        e1_0.email,
        e1_0.employer_id,
        e1_0.password,
        e1_0.points,
        e1_0.role,
        e1_0.username,
        ab1_0.password,
        ab1_0.points,
        ab1_0.role,
        ab1_0.username,
        cb1_0.id,
        cb1_0.email,
        e3_0.id,
        e3_0.email,
        e3_0.employer_id,
        e3_0.password,
        e3_0.points,
        e3_0.role,
        e3_0.username,
        cb1_0.password,
        cb1_0.points,
        cb1_0.role,
        cb1_0.username,
        wr1_0.citizen_id,
        cb2_0.id,
        cb2_0.email,
        e5_0.id,
        e5_0.email,
        e5_0.employer_id,
        e5_0.password,
        e5_0.points,
        e5_0.role,
        e5_0.username,
        cb2_0.password,
        cb2_0.points,
        cb2_0.role,
        cb2_0.username,
        wr1_0.image_path,
        wr1_0.location_district,
        wr1_0.proof_image_path,
        wr1_0.status 
    from
        waste_reports wr1_0 
    left join
        users ab1_0 
            on ab1_0.id=wr1_0.enterprise_id 
    left join
        users e1_0 
            on e1_0.id=ab1_0.employer_id 
    left join
        users cb1_0 
            on cb1_0.id=wr1_0.collector_id 
    left join
        users e3_0 
            on e3_0.id=cb1_0.employer_id 
    join
        users cb2_0 
            on cb2_0.id=wr1_0.citizen_id 
    left join
        users e5_0 
            on e5_0.id=cb2_0.employer_id 
    where
        wr1_0.id=?
Hibernate: 
    select
        wr1_0.id,
        ab1_0.id,
        ab1_0.email,
        e1_0.id,
        e1_0.email,
        e1_0.employer_id,
        e1_0.password,
        e1_0.points,
        e1_0.role,
        e1_0.username,
        ab1_0.password,
        ab1_0.points,
        ab1_0.role,
        ab1_0.username,
        cb1_0.id,
        cb1_0.email,
        e3_0.id,
        e3_0.email,
        e3_0.employer_id,
        e3_0.password,
        e3_0.points,
        e3_0.role,
        e3_0.username,
        cb1_0.password,
        cb1_0.points,
        cb1_0.role,
        cb1_0.username,
        wr1_0.citizen_id,
        cb2_0.id,
        cb2_0.email,
        e5_0.id,
        e5_0.email,
        e5_0.employer_id,
        e5_0.password,
        e5_0.points,
        e5_0.role,
        e5_0.username,
        cb2_0.password,
        cb2_0.points,
        cb2_0.role,
        cb2_0.username,
        wr1_0.image_path,
        wr1_0.location_district,
        wr1_0.proof_image_path,
        wr1_0.status 
    from
        waste_reports wr1_0 
    left join
        users ab1_0 
            on ab1_0.id=wr1_0.enterprise_id 
    left join
        users e1_0 
            on e1_0.id=ab1_0.employer_id 
    left join
        users cb1_0 
            on cb1_0.id=wr1_0.collector_id 
    left join
        users e3_0 
            on e3_0.id=cb1_0.employer_id 
    join
        users cb2_0 
            on cb2_0.id=wr1_0.citizen_id 
    left join
        users e5_0 
            on e5_0.id=cb2_0.employer_id 
    where
        wr1_0.id=?
Hibernate: 
    update
        waste_reports 
    set
        enterprise_id=?,
        collector_id=?,
        citizen_id=?,
        image_path=?,
        location_district=?,
        proof_image_path=?,
        status=? 
    where
        id=?
Hibernate: 
    select
        wr1_0.id,
        ab1_0.id,
        ab1_0.email,
        e1_0.id,
        e1_0.email,
        e1_0.employer_id,
        e1_0.password,
        e1_0.points,
        e1_0.role,
        e1_0.username,
        ab1_0.password,
        ab1_0.points,
        ab1_0.role,
        ab1_0.username,
        cb1_0.id,
        cb1_0.email,
        e3_0.id,
        e3_0.email,
        e3_0.employer_id,
        e3_0.password,
        e3_0.points,
        e3_0.role,
        e3_0.username,
        cb1_0.password,
        cb1_0.points,
        cb1_0.role,
        cb1_0.username,
        wr1_0.citizen_id,
        cb2_0.id,
        cb2_0.email,
        e5_0.id,
        e5_0.email,
        e5_0.employer_id,
        e5_0.password,
        e5_0.points,
        e5_0.role,
        e5_0.username,
        cb2_0.password,
        cb2_0.points,
        cb2_0.role,
        cb2_0.username,
        wr1_0.image_path,
        wr1_0.location_district,
        wr1_0.proof_image_path,
        wr1_0.status 
    from
        waste_reports wr1_0 
    left join
        users ab1_0 
            on ab1_0.id=wr1_0.enterprise_id 
    left join
        users e1_0 
            on e1_0.id=ab1_0.employer_id 
    left join
        users cb1_0 
            on cb1_0.id=wr1_0.collector_id 
    left join
        users e3_0 
            on e3_0.id=cb1_0.employer_id 
    join
        users cb2_0 
            on cb2_0.id=wr1_0.citizen_id 
    left join
        users e5_0 
            on e5_0.id=cb2_0.employer_id 
    where
        wr1_0.id=?
[INFO] Tests run: 3, Failures: 0, Errors: 0, Skipped: 0, Time elapsed: 0.119 s -- in org.swp391_group4_backend.ecosolution.reporting.service.impl.ReportServiceTest$ValidTransitions
[INFO] Tests run: 0, Failures: 0, Errors: 0, Skipped: 0, Time elapsed: 0.507 s -- in org.swp391_group4_backend.ecosolution.reporting.service.impl.ReportServiceTest
[INFO] 
[INFO] Results:
[INFO] 
[INFO] Tests run: 10, Failures: 0, Errors: 0, Skipped: 0
[INFO] 
[INFO] ------------------------------------------------------------------------
[INFO] BUILD SUCCESS
[INFO] ------------------------------------------------------------------------
[INFO] Total time:  14.884 s
[INFO] Finished at: 2026-03-10T07:53:36+07:00
[INFO] ------------------------------------------------------------------------
